schema=scene
legacy-attribute-normalization=false
node /scene line=2
attr /scene @formatVersion="1.0"
attr /scene @multiplier="1"
node /scene/environment[0] line=3
node /scene/environment[0]/colourAmbient[0] line=4
attr /scene/environment[0]/colourAmbient[0] @b="0.5"
attr /scene/environment[0]/colourAmbient[0] @g="0.6"
attr /scene/environment[0]/colourAmbient[0] @r="0.6"
node /scene/environment[0]/player[1] line=5
attr /scene/environment[0]/player[1] @fov="45"
attr /scene/environment[0]/player[1] @x="-4637"
attr /scene/environment[0]/player[1] @y="-9262"
attr /scene/environment[0]/player[1] @z="1600"
node /scene/nodes[1] line=7
node /scene/nodes[1]/node[0] line=8
attr /scene/nodes[1]/node[0] @name="desk#1"
node /scene/nodes[1]/node[0]/position[0] line=9
attr /scene/nodes[1]/node[0]/position[0] @x="10"
attr /scene/nodes[1]/node[0]/position[0] @y="20"
attr /scene/nodes[1]/node[0]/position[0] @z="30"
node /scene/nodes[1]/node[0]/entity[1] line=10
attr /scene/nodes[1]/node[0]/entity[1] @castShadows="false"
attr /scene/nodes[1]/node[0]/entity[1] @meshFile="desk.mesh"
